# 表的约束

真正约束字段的是数据类型，但是数据类型约束很单一，需要有一些额外的约束，更好的保证数据的合法性，从业务逻辑角度保证数据的正确性，比如有一个字段email,要求是唯一的。

表的约束很多主要有：

`null/notnull,`

`default,`

`comment,`

`zerofill,`

`primary key,`

`auto_increament,`

`unique key,`

`foreign key`



## 1.空属性

- 两个值：null(默认的)和not null(不为空)
- 数据库默认字段基本上都是为空，但是实际上开发时，尽可能保证字段不为空，**因为数据为空没办法参与运算。**



## 2.默认值

默认值：某一种数据会经常性的出现在某个具体的值，可以在一开始就指定好，在需要真是数据的时候，用户可以选择性的使用默认值。

```sql
mysql> create table tt10 (    
	-> name varchar(20) not null,    
	-> age tinyint unsigned default 0,    
	-> sex char(2) default '男'   
	-> ); 
Query OK, 0 rows affected (0.00 sec)
 
mysql> desc tt10;
+-------+---------------------+------+-----+---------+-------+ 
| Field | Type                | Null | Key | Default | Extra | 
+-------+---------------------+------+-----+---------+-------+ 
| name  | varchar(20)         | NO   |     | NULL    |       | 
| age   | tinyint(3) unsigned | YES  |     | 0       |       | 
| sex   | char(2)             | YES  |     | 男      |       | 
+-------+---------------------+------+-----+---------+-------+
```

## 3.列描述

列描述：comment,没有实际含义，专门用来描述字段，会根据表创建语句保存，解释作用。

## 4. zerofill

刚开时学习数据库时，很多人对数字类型后面的长度很迷茫。

```sql
mysql> show create table tt3\G    
***************** 1. row *****************           
Table: tt3    
Create Table: CREATE TABLE `tt3` (      
`a` int(10) unsigned DEFAULT NULL,      
`b` int(10) unsigned DEFAULT NULL    ) 
ENGINE=MyISAM DEFAULT CHARSET=gbk    
1 row in set (0.00 sec)
```

```sql
mysql> select * from tt3;    
+------+------+    
| a    | b    |    
+------+------+    
|    1 |    2 |    
+------+------+

```

修改表中字段

```sql
mysql> alter table tt3 change a a int(5) unsigned zerofill;
```

```sql
mysql> select * from tt3; 
+-------+------+ 
| a     | b    | 
+-------+------+ 
| 00001 |    2 | 
+-------+------+

```

Zerofill属性作用，如果宽度小于设定的宽度（这里设置的是5）自动填充0，要注意的是，这只是最后显示的结果，在MySQL实际存储的还是。这种自动填充0的形式只是为了一种格式化输出而已。

可以使用`hex(a)`查看。

```sql
mysql> select a, hex(a) from tt3; 
+-------+--------+ 
| a     | hex(a) | 
+-------+--------+ 
| 00001 | 1      | 
+-------+--------+
```

## 5.主键

**主键：`primary key`用来==唯一==的约束该字段里面的数据**，**==不能重复，不能为空==，==一张表中最多只能有一个主键==；主键所在的列通常是整数类型**。

- 创建表的时候直接在字段上指定主键

```sql
mysql> create table tt13 ( 
    ->  id int unsigned primary key comment '学号不能为空', 
    ->  name varchar(20) not null); Query OK, 0 rows affected (0.00 sec)
 
mysql> desc tt13; 
+-------+------------------+------+-----+---------+-------+ 
| Field | Type             | Null | Key | Default | Extra | 
+-------+------------------+------+-----+---------+-------+ 
| id    | int(10) unsigned | NO   | PRI | NULL    |       | <= key 中 pri表示该字段是 主键 
| name  | varchar(20)      | NO   |     | NULL    |       | 
+-------+------------------+------+-----+---------+-------
```

在创建表的时候，在所有字段之后，使用primary key(主键字段列表)来创新主键，**如果有多个字段作为主键，可以在使用复合主键。**

> **1、数据库的每张表只能有一个主键，不可能有多个主键。**
>
> **2、所谓的一张表多个主键，我们称之为主复合键。**
>
> ​     **注：联合主键：就是用多个字段一起作为一张表的主键。**
>
> **3、主键的主键的作用是保证数据的唯一性和完整性，同时通过主键检索表能够增加检索速度。**

复合主键可以某一个键不唯一，但是多个复合键的组合必须是唯一的。

### 主键的修改(单个)



**主键修改为其他列时，需要先删除主键，再添加主键**

```sql
alter table TABNAME drop primary key;
 
alter table TABNAME add primary key(another_col,...);
```



### 复合主键修改

添加复合主键

```sql
alter table 表名 add primary key (字段1,字段2,字段3);
```

加入需要修改列则上面的方法无法成功，需要删除后再添加

```sql
alter table 表名 DROP PRIMARY KEY add primary key (字段1,字段2,字段3);
```



## 6.自增长

`auto_increment`：**当对应的字段，不给值，会自动的被系统触发，系统会从当前字段中已有的最大值+1操作，得到一个新的不同的值。通常和主键搭配使用，作为逻辑主键**。

自增主键特点：

- 任何一个字段要做自增主键，**前提是本身是一个索引（key一栏有值）**
- 自增主键字段**必须是整数**
- 一张表最多只能有**一个自增长**。

**且批量插入获取到是第一个值（第一次插入当前字段中的最大值）**

```
mysql> create table tt21(    
-> id int unsigned primary key auto_increment,    
-> name varchar(10) not null default ''    
-> );
 
mysql> insert into tt21(name) values('a');
 
mysql> insert into tt21(name) values('b');
 
mysql> select * from tt21; 
+----+------+ 
| id | name | 
+----+------+ 
|  1 | a    | 
|  2 | b    | 
+----+------+

mysql > select last_insert_id(); 
+------------------+ 
| last_insert_id() | 
+------------------+ 
|                1 | 
+------------------+
```



### **索引**

在关系数据库中，索引是一种单独的，物理的对数据库表中的一列或多列的值进行排序的一种存储结构，它是某个表中的一列或者若干列值的集合和相应的指向表中物理标识，这些值的数据页的逻辑指针清单。可以根据目录中的页码快速找到所需的内容。

索引提供指向存储在表的指定列中的数据值的指针，然后根据您指定的排列顺序对这些指针排序。数据库使用的索引以找到特定的值，然后顺指针找到包含该值的行。这样可以使得对应于表的SQL语句执行的更快，可以快速访问数据库表中的特定信息。

## 7.唯一键

一个表往往有很多字段需要唯一性，数据不能重复，但是一张表中只能有一个主键；**唯一键可以解决表有多个字段需要唯一性的约束的问题。**

唯一键的本质和主键差不多，**唯一键允许为空值，而且可以多个为空，空字段不做唯一性比较。**

```sql
mysql> create table student (    
    -> id char(10) unique comment '学号，不能重复，但可以为空',    
    -> name varchar(10)    -> ); 
    Query OK, 0 rows affected (0.01 sec)
```

## 8.外键

**外键用于定义主表和从表之间的关系**：**外键约束主要定义在从表上**，主表则必须有**主键约束或者unique约束**。当定义外键后，要求外键列数据必须在主表的主键存在或者为null。

```
foreign key (字段名) references 主表(列)
```

![1564066126060](C:\Users\32183\AppData\Roaming\Typora\typora-user-images\1564066126060.png)

- 先创建主表

```sql
create table myclass (        
id int primary key,       
name varchar(30) not null comment'班级名'    
);
```

- 再创建从表

```sql
create table stu (        
id int primary key,        
name varchar(30) not null comment '学生名',        
class_id int,        
foreign key (class_id) references myclass(id)    
);
```

- 正常插入数据

```sql
mysql> insert into myclass values(10, 'C++大牛班'),(20, 'java大神班'); 
Query OK, 2 rows affected (0.03 sec) 
Records: 2  Duplicates: 0  Warnings: 0
```

```sql
mysql> insert into stu values(100, '张三', 10),(101, '李四',20); 
Query OK, 2 rows affected (0.01 sec) 
Records: 2  Duplicates: 0  Warnings: 0
```

- 插入一个班级号为30的学生，因为没有这个班级，所以插入不成功

```sql
mysql> insert into stu values(102, 'wangwu',30); 
ERROR 1452 (23000): Cannot add or update a child row: 
a foreign key constraint fails (mytest.stu, CONSTRAINT stu_ibfk_1 
FOREIGN KEY (class_id) REFERENCES myclass (id))
```

- 插入班级id为null，比如来了一个学生，目前还没有分配班级

```sql
mysql> insert into stu values(102, 'wangwu', null);
```



> **且外键在从表中定义一般**
>
> **在存在外键的两个表中需要先在主表中插入相应外键（主键/唯一键定义）的数据，才能在在从表中插入**